// Jest Snapshot v1, https://goo.gl/fbAQLP

exports[`nock.back should work 1`] = `"ok"`;
